// Jest Snapshot v1, https://goo.gl/fbAQLP

exports[`<PostsList /> unit tests Should mount the component correctly 1`] = `
<RCTScrollView
  data={Array []}
  getItem={[Function]}
  getItemCount={[Function]}
  initialNumToRender={10}
  keyExtractor={[Function]}
  maxToRenderPerBatch={5}
  onContentSizeChange={[Function]}
  onLayout={[Function]}
  onMomentumScrollBegin={[Function]}
  onMomentumScrollEnd={[Function]}
  onScroll={[Function]}
  onScrollBeginDrag={[Function]}
  onScrollEndDrag={[Function]}
  removeClippedSubviews={true}
  renderItem={[Function]}
  scrollEventThrottle={50}
  stickyHeaderIndices={Array []}
  style={
    Object {
      "flex": 1,
      "width": "100%",
    }
  }
  viewabilityConfigCallbackPairs={Array []}
  windowSize={5}
>
  <View />
</RCTScrollView>
`;
