// Jest Snapshot v1, https://goo.gl/fbAQLP

exports[`<Button /> unit tests Should mount correctly the component 1`] = `
<View
  accessible={true}
  collapsable={false}
  focusable={false}
  onClick={[Function]}
  onResponderGrant={[Function]}
  onResponderMove={[Function]}
  onResponderRelease={[Function]}
  onResponderTerminate={[Function]}
  onResponderTerminationRequest={[Function]}
  onStartShouldSetResponder={[Function]}
  style={
    Object {
      "opacity": 1,
    }
  }
>
  <View
    style={
      Object {
        "alignItems": "center",
        "backgroundColor": "#10c64e",
        "borderRadius": 8,
        "flex": 1,
        "justifyContent": "center",
        "padding": 20,
      }
    }
  >
    <Text
      style={
        Object {
          "color": "white",
        }
      }
      testID="buttonLabel"
    >
      test
    </Text>
  </View>
</View>
`;
