// Jest Snapshot v1, https://goo.gl/fbAQLP

exports[`<RouteHeaderActions /> unit tests Should mount correctly the component 1`] = `
<View
  style={
    Object {
      "alignItems": "center",
      "flexDirection": "row",
      "justifyContent": "center",
    }
  }
/>
`;
