// Jest Snapshot v1, https://goo.gl/fbAQLP

exports[`<ObjectList /> unit tests Should mount correctly the component 1`] = `<View />`;
